==========================================================================
필수 검증 실행 (명세 [12] T1~T10)
==========================================================================

[T1] 행렬과 자료구조  ... PASS  (0.12s)
    OK    모든 뉴런 행렬 shape == (3,3)
    OK    모든 뉴런 행렬 dtype == float64
    OK    상태 저장소 shape (N,3,3)
    OK    threshold 속성 쓰기가 행렬 (1,1) 에 반영
    OK    행렬 (1,1) 쓰기가 threshold 속성에 반영
    OK    P 속성 <-> 행렬 (1,2)
    OK    E/I/b/u 속성 <-> 행렬 (2,0)/(2,1)/(2,2)/(1,0)
    OK    위치 <-> 행렬 0행
    OK    상태 배열에 객체 dtype 이 없다
    OK    fired 는 행렬 셀이 아니라 메타데이터
    OK    음수 가중치 거부
    OK    잘못된 pre_id 거부
    OK    잘못된 post_id 거부
    OK    잘못된 연결 종류 거부
    OK    delay_ticks=0 거부
    OK    delay_ticks=-1 거부
    OK    같은 pre/post 사이 복수 연결의 ID 가 독립적

[T2] 수치 재구성  ... PASS  (0.16s)
    OK    E == 0.8 (관측 0.8)
    OK    I == 0.6 (관측 0.6)
    OK    u == 0.2 (관측 0.20000000000000007)
    OK    q == 0 (관측 0)
    OK    저장한 연결 기여 합 == 저장한 E
    OK    저장한 연결 기여 합 == 저장한 I
    OK    재구성한 u == 저장한 u
    OK    도착 연결 3개 기록
    OK    V1 L2 뉴런에서도 기여 합 == 저장한 E/I

[T3] 전달 계수와 지연  ... PASS  (0.17s)
    OK    E == P*weight == 2.0*0.5 == 1.0 (관측 1.0); 수신 측에서 P 를 다시 곱하지 않음
    OK    복수 연결·복수 도착 이벤트 합산 == 1.0 (관측 1.0)
    OK    L4->L2 직접 흥분은 tick 2 에만 도착
    OK    억제 중계->L2 도 tick 2 에 도착
    OK    L4->억제 중계는 tick 1 에 도착
    OK    L4 는 관찰 tick 0 에서 발화한다 (n=37)
    OK    마지막 tick 에서 L4 q 는 0 으로 돌아온다 (n=0) -> 마지막 q 로 앞층을 읽으면 안 된다

[T4] 동기식 실행과 초기화  ... PASS  (0.34s)
    OK    뉴런 등록 순서를 바꿔도 결과가 비트 단위로 같다 (0.6400000000000001 vs 0.6400000000000001)
    OK    같은 초기 상태·입력의 재실행 결과가 동일
    OK    다른 영상을 실행한 뒤에도 같은 영상의 반응이 동일 (상태 누출 없음)
    OK    버퍼 상태 점검 수행
    OK    초기화 후 E/I/u/fired 가 0
    OK    초기화 후 b == b_base
    OK    초기화 후 이벤트 큐와 외부 자극 버퍼가 비어 있음
    OK    reset_transient_state 가 학습 가중치를 보존
    OK    reset_parameters 는 가중치를 구성 직후 값으로 되돌림
    OK    event_mode='object' 참조 경로와 'bulk' 벡터 경로의 결과가 동일

[T5] 학습 부호와 0교정  ... PASS  (0.17s)
    OK    d=+1: 활성 흥분 연결 강화
    OK    d=+1: 활성 억제 연결 약화
    OK    입력이 0 인 연결의 G == 0 (변화 없음)
    OK    입력 0 연결의 원래 G 도 정확히 0
    OK    d=-1: 활성 흥분 연결 약화
    OK    d=-1: 활성 억제 연결 강화
    OK    d=0: 모든 G 가 정확히 0
    OK    d=0: 가중치가 비트 단위로 보존 (감쇠 없음)
    OK    d=0: 가중치 버전 변경 없음
    OK    clipping 후에도 가중치가 [0,1] 안에 있고 부호(연결 종류)는 그대로
    OK    clipping 이 kind 를 바꾸지 않음
    OK    벡터 갱신 == 뉴런별 순수 국소 함수 결과
    OK    error_override_zeros=True 면 교정값이 모두 0
    OK    error_override_zeros=True 면 학습용 d 도 모두 0
    OK    0교정 유도 실행의 활동과 상태가 자유 실행과 비트 단위로 동일
    OK    0교정에서 교사 유래 G 가 0 이고 가중치가 비트 단위로 보존

[T6] 작은 실현 가능한 학습 예제  ... PASS  (0.00s)
    OK    작은 문제를 6 반복 안에 해결
    OK    교사 제거·일시 상태 초기화 후에도 결과 유지 (출력 [1, 0])
    OK    흥분 가중치가 임계값을 넘도록 학습됨 (0.600)

[T7] 측정의 비침습성  ... PASS  (0.58s)
    OK    진단 on/off 로 동일 학습을 실행했을 때 가중치가 비트 단위로 동일
    OK    반사실 개입 후 가중치 보존
    OK    반사실 개입 후 weight_version 보존
    OK    상태 행렬 복원 확인 수행
    OK    진단이 난수 스트림 상태를 바꾸지 않음
    OK    무개입 재실행이 저장된 반응과 일치 (개입 결과 해석 전제 조건)
    OK    진단 후 threshold/P 보존

[T8] 교사와 데이터 분리  ... PASS  (0.61s)
    OK    라벨만 바꿔도 전처리 결과가 비트 단위로 동일
    OK    라벨만 바꿔도 감각 입력이 동일
    OK    라벨만 바꿔도 학습 전 자유 실행 출력이 동일
    OK    다른 라벨은 목표 지도만 바꾼다
    OK    다른 목표는 교정값을 바꾼다
    OK    훈련·검증·시험·추가시험의 scene_id 가 겹치지 않음
    OK    같은 기초 장면이 여러 분할에 나뉘지 않음
    OK    대조군 사이 초기 가중치가 동일
    OK    대조군 사이 표본 순서가 동일

[T9] 모델 저장·복원  ... PASS  (0.53s)
    OK    복원 후 가중치 일치
    OK    복원 후 연결 구조 일치
    OK    복원 후 뉴런 고정값(threshold/P/위치) 일치
    OK    복원 후 전처리 정규화 계수 일치
    OK    복원 후 수용장 설정 일치
    OK    복원 후 교사 없는 예측이 일치

[T10] 입력 규모  ... PASS  (3.64s)
    OK    64x64: 출력 shape == (128,)
    OK    64x64: 출력이 모두 유한값
    OK    64x64: ON/OFF 비음수
    OK    64x64: 격자 좌표가 영상 범위 안
    OK    64x64: 유효 시야 마스크가 영상 일부만 덮음 (모서리 제외)
    OK    1000x1000: 출력 shape == (128,)
    OK    1000x1000: 출력이 모두 유한값
    OK    1000x1000: ON/OFF 비음수
    OK    1000x1000: 격자 좌표가 영상 범위 안
    OK    1000x1000: 유효 시야 마스크가 영상 일부만 덮음 (모서리 제외)

==========================================================================
통과 10 / 실패 0  (총 10개, 6.3s)
결과 JSON: /home/user/kalest_web_dev_practice/neuron_matrix_v1/results/checks.json
==========================================================================
